=== 2026-09-29 14:09:27 stap 0 — IAM
== IAM Jarvis-logins in rlz-boekhouding: 18 secrets ==
Updated IAM policy for secret [RLZ_WS_USER_UNIVERSAL_NEDERLAND].
Updated IAM policy for secret [RLZ_WS_USER_UNIVERSAL_NEDERLAND].
Updated IAM policy for secret [RLZ_WS_USER_UNIVERSAL_NEDERLAND].
   RLZ_WS_USER_UNIVERSAL_NEDERLAND: run-jobs@ viewer+versionAdder, jarvis-run-jobs@ accessor
Updated IAM policy for secret [RLZ_WS_PASSWORD_UNIVERSAL_NEDERLAND].
Updated IAM policy for secret [RLZ_WS_PASSWORD_UNIVERSAL_NEDERLAND].
Updated IAM policy for secret [RLZ_WS_PASSWORD_UNIVERSAL_NEDERLAND].
   RLZ_WS_PASSWORD_UNIVERSAL_NEDERLAND: run-jobs@ viewer+versionAdder, jarvis-run-jobs@ accessor
Updated IAM policy for secret [RLZ_WS_USER_UNIVERSAL_VERKOOP].
Updated IAM policy for secret [RLZ_WS_USER_UNIVERSAL_VERKOOP].
Updated IAM policy for secret [RLZ_WS_USER_UNIVERSAL_VERKOOP].
   RLZ_WS_USER_UNIVERSAL_VERKOOP: run-jobs@ viewer+versionAdder, jarvis-run-jobs@ accessor
Updated IAM policy for secret [RLZ_WS_PASSWORD_UNIVERSAL_VERKOOP].
Updated IAM policy for secret [RLZ_WS_PASSWORD_UNIVERSAL_VERKOOP].
Updated IAM policy for secret [RLZ_WS_PASSWORD_UNIVERSAL_VERKOOP].
   RLZ_WS_PASSWORD_UNIVERSAL_VERKOOP: run-jobs@ viewer+versionAdder, jarvis-run-jobs@ accessor
Updated IAM policy for secret [RLZ_WS_USER_UNIVERSAL_MATERIAAL].
Updated IAM policy for secret [RLZ_WS_USER_UNIVERSAL_MATERIAAL].
Updated IAM policy for secret [RLZ_WS_USER_UNIVERSAL_MATERIAAL].
   RLZ_WS_USER_UNIVERSAL_MATERIAAL: run-jobs@ viewer+versionAdder, jarvis-run-jobs@ accessor
Updated IAM policy for secret [RLZ_WS_PASSWORD_UNIVERSAL_MATERIAAL].
Updated IAM policy for secret [RLZ_WS_PASSWORD_UNIVERSAL_MATERIAAL].
Updated IAM policy for secret [RLZ_WS_PASSWORD_UNIVERSAL_MATERIAAL].
   RLZ_WS_PASSWORD_UNIVERSAL_MATERIAAL: run-jobs@ viewer+versionAdder, jarvis-run-jobs@ accessor
Updated IAM policy for secret [RLZ_WS_USER_UNIVERSAL_STEIGERBOUW].
Updated IAM policy for secret [RLZ_WS_USER_UNIVERSAL_STEIGERBOUW].
Updated IAM policy for secret [RLZ_WS_USER_UNIVERSAL_STEIGERBOUW].
   RLZ_WS_USER_UNIVERSAL_STEIGERBOUW: run-jobs@ viewer+versionAdder, jarvis-run-jobs@ accessor
Updated IAM policy for secret [RLZ_WS_PASSWORD_UNIVERSAL_STEIGERBOUW].
Updated IAM policy for secret [RLZ_WS_PASSWORD_UNIVERSAL_STEIGERBOUW].
Updated IAM policy for secret [RLZ_WS_PASSWORD_UNIVERSAL_STEIGERBOUW].
   RLZ_WS_PASSWORD_UNIVERSAL_STEIGERBOUW: run-jobs@ viewer+versionAdder, jarvis-run-jobs@ accessor
Updated IAM policy for secret [RLZ_WS_USER_BWC_STEIGERS].
Updated IAM policy for secret [RLZ_WS_USER_BWC_STEIGERS].
Updated IAM policy for secret [RLZ_WS_USER_BWC_STEIGERS].
   RLZ_WS_USER_BWC_STEIGERS: run-jobs@ viewer+versionAdder, jarvis-run-jobs@ accessor
Updated IAM policy for secret [RLZ_WS_PASSWORD_BWC_STEIGERS].
Updated IAM policy for secret [RLZ_WS_PASSWORD_BWC_STEIGERS].
Updated IAM policy for secret [RLZ_WS_PASSWORD_BWC_STEIGERS].
   RLZ_WS_PASSWORD_BWC_STEIGERS: run-jobs@ viewer+versionAdder, jarvis-run-jobs@ accessor
Updated IAM policy for secret [RLZ_WS_USER_BRADWOLFF_CONSTRUCTIE].
Updated IAM policy for secret [RLZ_WS_USER_BRADWOLFF_CONSTRUCTIE].
Updated IAM policy for secret [RLZ_WS_USER_BRADWOLFF_CONSTRUCTIE].
   RLZ_WS_USER_BRADWOLFF_CONSTRUCTIE: run-jobs@ viewer+versionAdder, jarvis-run-jobs@ accessor
Updated IAM policy for secret [RLZ_WS_PASSWORD_BRADWOLFF_CONSTRUCTIE].
Updated IAM policy for secret [RLZ_WS_PASSWORD_BRADWOLFF_CONSTRUCTIE].
Updated IAM policy for secret [RLZ_WS_PASSWORD_BRADWOLFF_CONSTRUCTIE].
   RLZ_WS_PASSWORD_BRADWOLFF_CONSTRUCTIE: run-jobs@ viewer+versionAdder, jarvis-run-jobs@ accessor
Updated IAM policy for secret [RLZ_WS_USER_INPENSAS_BEHEER].
Updated IAM policy for secret [RLZ_WS_USER_INPENSAS_BEHEER].
Updated IAM policy for secret [RLZ_WS_USER_INPENSAS_BEHEER].
   RLZ_WS_USER_INPENSAS_BEHEER: run-jobs@ viewer+versionAdder, jarvis-run-jobs@ accessor
Updated IAM policy for secret [RLZ_WS_PASSWORD_INPENSAS_BEHEER].
Updated IAM policy for secret [RLZ_WS_PASSWORD_INPENSAS_BEHEER].
Updated IAM policy for secret [RLZ_WS_PASSWORD_INPENSAS_BEHEER].
   RLZ_WS_PASSWORD_INPENSAS_BEHEER: run-jobs@ viewer+versionAdder, jarvis-run-jobs@ accessor
Updated IAM policy for secret [RLZ_WS_USER_BRADWOLFF_HOLDING].
Updated IAM policy for secret [RLZ_WS_USER_BRADWOLFF_HOLDING].
Updated IAM policy for secret [RLZ_WS_USER_BRADWOLFF_HOLDING].
   RLZ_WS_USER_BRADWOLFF_HOLDING: run-jobs@ viewer+versionAdder, jarvis-run-jobs@ accessor
Updated IAM policy for secret [RLZ_WS_PASSWORD_BRADWOLFF_HOLDING].
Updated IAM policy for secret [RLZ_WS_PASSWORD_BRADWOLFF_HOLDING].
Updated IAM policy for secret [RLZ_WS_PASSWORD_BRADWOLFF_HOLDING].
   RLZ_WS_PASSWORD_BRADWOLFF_HOLDING: run-jobs@ viewer+versionAdder, jarvis-run-jobs@ accessor
Updated IAM policy for secret [RLZ_WS_USER_DE_WIT_BEHEER_OSS].
Updated IAM policy for secret [RLZ_WS_USER_DE_WIT_BEHEER_OSS].
Updated IAM policy for secret [RLZ_WS_USER_DE_WIT_BEHEER_OSS].
   RLZ_WS_USER_DE_WIT_BEHEER_OSS: run-jobs@ viewer+versionAdder, jarvis-run-jobs@ accessor
Updated IAM policy for secret [RLZ_WS_PASSWORD_DE_WIT_BEHEER_OSS].
Updated IAM policy for secret [RLZ_WS_PASSWORD_DE_WIT_BEHEER_OSS].
Updated IAM policy for secret [RLZ_WS_PASSWORD_DE_WIT_BEHEER_OSS].
   RLZ_WS_PASSWORD_DE_WIT_BEHEER_OSS: run-jobs@ viewer+versionAdder, jarvis-run-jobs@ accessor
Klaar. Versies zetten = job-executie: gcloud run jobs execute rlz-reconciliatie --region europe-west4 --wait \
  --args="^|^-m|app.cli|credential-naar-secretmanager"   (ná deploy van de commit die het commando draagt)
=== stap 1 — wachten tot de image het commando draagt (max 30 min)
   image: europe-west4-docker.pkg.dev/rlz-boekhouding/rlz/backend:c6dd3bda3492ef8d343f0ebeed9adbd6012626cc
=== stap 2 — dry-run
Creating execution...
Provisioning resources...................done
Starting execution...................................................................................................................................................................................................done
Running execution.................................................................................................................................................................................................................................................................................................done
Done.
Execution [[1mrlz-reconciliatie-868zv[m] has successfully completed.

View details about this execution by running:
gcloud run jobs executions describe rlz-reconciliatie-868zv

Or visit https://console.cloud.google.com/run/jobs/executions/details/europe-west4/rlz-reconciliatie-868zv?project=652591056217
=== stap 3 — executie
Creating execution...
Provisioning resources...................done
Starting execution...................................................................................................................................done
Running execution.......................................................................................................................................................................................................................................................................................................................................................................................................................................done
Done.
Execution [[1mrlz-reconciliatie-t2ts9[m] has successfully completed.

View details about this execution by running:
gcloud run jobs executions describe rlz-reconciliatie-t2ts9

Or visit https://console.cloud.google.com/run/jobs/executions/details/europe-west4/rlz-reconciliatie-t2ts9?project=652591056217
=== stap 4 — meetlat (verwacht 18 × '1 ENABLED')
   RLZ_WS_USER_UNIVERSAL_NEDERLAND: 1 
   RLZ_WS_PASSWORD_UNIVERSAL_NEDERLAND: 1 
   RLZ_WS_USER_UNIVERSAL_VERKOOP: 1 
   RLZ_WS_PASSWORD_UNIVERSAL_VERKOOP: 1 
   RLZ_WS_USER_UNIVERSAL_MATERIAAL: 1 
   RLZ_WS_PASSWORD_UNIVERSAL_MATERIAAL: 1 
   RLZ_WS_USER_UNIVERSAL_STEIGERBOUW: 1 
   RLZ_WS_PASSWORD_UNIVERSAL_STEIGERBOUW: 1 
   RLZ_WS_USER_BWC_STEIGERS: 1 
   RLZ_WS_PASSWORD_BWC_STEIGERS: 1 
   RLZ_WS_USER_BRADWOLFF_CONSTRUCTIE: 1 
   RLZ_WS_PASSWORD_BRADWOLFF_CONSTRUCTIE: 1 
   RLZ_WS_USER_INPENSAS_BEHEER: 1 
   RLZ_WS_PASSWORD_INPENSAS_BEHEER: 1 
   RLZ_WS_USER_BRADWOLFF_HOLDING: 1 
   RLZ_WS_PASSWORD_BRADWOLFF_HOLDING: 1 
   RLZ_WS_USER_DE_WIT_BEHEER_OSS: 1 
   RLZ_WS_PASSWORD_DE_WIT_BEHEER_OSS: 1 
=== KLAAR: 18 van 18 secrets hebben een actieve versie. Log: docs/rapporten/2026-09-29-credential-naar-secretmanager.terminal.log
